// Jest Snapshot v1, https://goo.gl/fbAQLP

exports[`Pruebas en el componente CounterApp Debe de hacer match con el snapshot 1`] = `
<div>
  <h1>
    counterApp
  </h1>
  <h2
    data-testid="container-counter"
  >
    0
  </h2>
  <button>
    +1
  </button>
  <button>
    -1
  </button>
  <button
    aria-label="btn-reset"
  >
    Reset
  </button>
</div>
`;
