// Jest Snapshot v1, https://goo.gl/fbAQLP

exports[`Pruebas en <FirstApp/> debe de hacer match con el snapshot 1`] = `
<div>
  <h1>
    Hello Sebastian Pabon Lopez welcome!
  </h1>
  <h2
    data-testid="test-title"
  >
    Hola, soy Sebastian
  </h2>
  <p />
  <p />
  <p>
    FirstApp 
    3
  </p>
</div>
`;
